[ok-ex.io/index.html]
[backblue.gif]
[fade.gif]
[index.html]
[ok-ex.io/styles.min.css]
[ok-ex.io/yekanbakh/css/font.min.css]
[ok-ex.io/js/socket.js]
[ok-ex.io/js/reconnecting-websocket.min.js]
[ok-ex.io/assets/headerLogo.png]
[ok-ex.io/trade/BTC_USDT.html]
[ok-ex.io/assets/svg/io.svg]
[ok-ex.io/assets/svg/futures.svg]
[ok-ex.io/assets/svg/new-badge-green.svg]
[ok-ex.io/trade/margin/BTC_USDT.html]
[ok-ex.io/otc/processing1c1b.html]
[ok-ex.io/support/contact.html]
[ok-ex.io/buy-and-sell/BTC/index.html]
[ok-ex.io/support/about-us.html]
[ok-ex.io/buy-and-sell/BLUM/index.html]
[ok-ex.io/earn-money.html]
[ok-ex.io/buy-and-sell/TON/index.html]
[ok-ex.io/buy-and-sell/ETH/index.html]
[ok-ex.io/buy-and-sell/HAMSTER/index.html]
[ok-ex.io/buy-and-sell/USDT/index.html]
[ok-ex.io/buy-and-sell/DOGE/index.html]
[ok-ex.io/buy-and-sell/TRX/index.html]
[ok-ex.io/register.html]
[ok-ex.io/buy-and-sell/XRP/index.html]
[ok-ex.io/buy-and-sell/DOGS/index.html]
[ok-ex.io/download.html]
[ok-ex.io/buy-and-sell/BNB/index.html]
[ok-ex.io/buy-and-sell/SHIB/index.html]
[ok-ex.io/buy-and-sell/DOT/index.html]
[ok-ex.io/buy-and-sell/ADA/index.html]
[ok-ex.io/login.html]
[ok-ex.io/buy-and-sell/PEPE/index.html]
[ok-ex.io/info/fees.html]
[ok-ex.io/buy-and-sell/NOT/index.html]
[ok-ex.io/buy-and-sell/S/index.html]
[ok-ex.io/buy-and-sell/SOL/index.html]
[ok-ex.io/info/terms.html]
[ok-ex.io/buy-and-sell/AVAX/index.html]
[ok-ex.io/buy-and-sell/LTC/index.html]
[ok-ex.io/js/sweper.js]
[ok-ex.io/buy-and-sell/FLOKI/index.html]
[ok-ex.io/buy-and-sell/BONK/index.html]
[ok-ex.io/buy-and-sell/WIF/index.html]
[ok-ex.io/buy-and-sell/DUKO/index.html]
[ok-ex.io/buy-and-sell/BABYDOGE/index.html]
[ok-ex.io/buy-and-sell/PNUT/index.html]
[ok-ex.io/buy-and-sell/XAUT/index.html]
[ok-ex.io/buy-and-sell/MAJOR/index.html]
[ok-ex.io/buy-and-sell/SUI/index.html]
[ok-ex.io/buy-and-sell/PAWS/index.html]
[ok-ex.io/buy-and-sell/PX/index.html]
[ok-ex.io/buy-and-sell/PI/index.html]
[ok-ex.io/buy-and-sell/index.html]
[ok-ex.io/sweper.min.css]
[ok-ex.io/assets/svg/thunder.svg]
[ok-ex.io/setting/index.html]
[ok-ex.io/wallet/index.html]
[ok-ex.io/support/tickets/index.html]
[ok-ex.io/buy-and-sell/NOM/index.html]
[ok-ex.io/buy-and-sell/DOSE/index.html]
[ok-ex.io/buy-and-sell/VIC/index.html]
[ok-ex.io/redeem.html]
[ok-ex.io/buy-and-sell/A/index.html]
[ok-ex.io/support/faq.html]
[ok-ex.io/buy-and-sell/RESOLV/index.html]
[ok-ex.io/buy-and-sell/HOME/index.html]
[ok-ex.io/learning.html]
[ok-ex.io/buy-and-sell/BCH/index.html]
[ok-ex.io/assets/svg/new-badge.svg]
[ok-ex.io/licenses.html]
[ok-ex.io/learning/index.html]
[ok-ex.io/bug-bounty.html]
[ok-ex.io/cdn-cgi/l/email-protection]
[ok-ex.io/index.html]
[ok-ex.io/cdn-cgi/scripts/5c5dd728/cloudflare-static/email-decode.min.js]
[ok-ex.io/yekanbakh/YekanBakh-Thin.woff2]
[ok-ex.io/yekanbakh/YekanBakh-Light.woff2]
[ok-ex.io/yekanbakh/YekanBakh-Regular.woff2]
[ok-ex.io/yekanbakh/YekanBakh-Bold.woff2]
[ok-ex.io/buy-and-sell/MATIC/index.html]
[ok-ex.io/styles.min.css]
[ok-ex.io/yekanbakh/css/font.min.css]
[ok-ex.io/yekanbakh/YekanBakh-Black.woff2]
[ok-ex.io/_nuxt/6aa8219.js]
[ok-ex.io/_nuxt/51.69a13ce7f8f6b7f6a1fc.js]
[ok-ex.io/_nuxt/16.871abd7d3ced82be1f43.js]
[ok-ex.io/_nuxt/442.0fc50dcec0bd8889de32.js]
[ok-ex.io/_nuxt/164.a64c71033b33a9b28fd4.js]
[ok-ex.io/_nuxt/268.d8f7e1652a57d46d6031.js]
[ok-ex.io/_nuxt/10.3a94cc30613e39548edd.js]
[ok-ex.io/_nuxt/11.3ed99e40d5518ed204bc.js]
[ok-ex.io/_nuxt/290.85b5391cf12aa7be6edb.js]
[ok-ex.io/_nuxt/126.f385f216d615e6429dda.js]
[ok-ex.io/_nuxt/127.4871b64d53cd4c7c8e32.js]
[ok-ex.io/_nuxt/fonts/YekanBakh-Thin.7570c44.woff2]
[ok-ex.io/_nuxt/fonts/YekanBakh-Thin.3841531.woff]
[ok-ex.io/_nuxt/fonts/YekanBakh-Light.72c10b1.woff2]
[ok-ex.io/_nuxt/fonts/YekanBakh-Light.2fe808c.woff]
[ok-ex.io/_nuxt/fonts/YekanBakh-Regular.5764935.woff2]
[ok-ex.io/_nuxt/fonts/YekanBakh-Regular.27832f2.woff]
[ok-ex.io/_nuxt/fonts/YekanBakh-SemiBold.4040dd6.woff2]
[ok-ex.io/_nuxt/fonts/YekanBakh-SemiBold.4d75342.woff]
[ok-ex.io/_nuxt/fonts/YekanBakh-Bold.7817543.woff2]
[ok-ex.io/_nuxt/fonts/YekanBakh-Bold.f44c250.woff]
[ok-ex.io/_nuxt/fonts/YekanBakh-ExtraBold.9ef0067.woff2]
[ok-ex.io/_nuxt/fonts/YekanBakh-ExtraBold.a6df59d.woff]
[ok-ex.io/_nuxt/fonts/YekanBakh-Black.f3d730f.woff2]
[ok-ex.io/_nuxt/fonts/YekanBakh-Black.f9eb173.woff]
[ok-ex.io/_nuxt/fonts/YekanBakh-ExtraBlack.aef2386.woff2]
[ok-ex.io/_nuxt/fonts/YekanBakh-ExtraBlack.8fdd7aa.woff]
[ok-ex.io/_nuxt/fonts/Pinar-Light.ce670fb.woff2]
[ok-ex.io/_nuxt/fonts/Pinar-Regular.cb1d3e3.woff2]
[ok-ex.io/_nuxt/fonts/Pinar-Medium.ad08d38.woff2]
[ok-ex.io/_nuxt/fonts/Pinar-SemiBold.2e51f71.woff2]
[ok-ex.io/_nuxt/fonts/Pinar-Bold.80ed1d7.woff2]
[ok-ex.io/_nuxt/fonts/Pinar-ExtraBold.f1776cf.woff2]
[ok-ex.io/_nuxt/fonts/Pinar-Black.c4627c2.woff2]
[ok-ex.io/_nuxt/fonts/Tajrid-Light.94e4f74.woff2]
[ok-ex.io/_nuxt/fonts/Tajrid-Regular.8bde04c.woff2]
[ok-ex.io/_nuxt/fonts/Tajrid-Medium.53911c7.woff2]
[ok-ex.io/_nuxt/fonts/Tajrid-SemiBold.d015d28.woff2]
[ok-ex.io/_nuxt/fonts/Tajrid-Bold.0a388e4.woff2]
[ok-ex.io/trade/BTC_USDT.html]
[ok-ex.io/assets/svg/io.svg]
[ok-ex.io/_nuxt/img/okeximgholder.39ecae5.svg]
[ok-ex.io/_nuxt/130.07c3e076bca1476a595a.js]
[ok-ex.io/_nuxt/img/logoMargin.e3dec02.svg]
[ok-ex.io/trade/margin/BTC_USDT.html]
[ok-ex.io/assets/svg/futures.svg]
[ok-ex.io/assets/svg/new-badge-green.svg]
[ok-ex.io/_nuxt/88.f8df83ca9d5ef821321f.js]
[ok-ex.io/_nuxt/33.ab17784e857b8bccbd7b.js]
[ok-ex.io/_nuxt/img/footer-bg.58445d7.svg]
[ok-ex.io/otc/processing1c1b.html]
[ok-ex.io/halving.html]
[ok-ex.io/buy-and-sell/BTC/index.html]
[ok-ex.io/buy-and-sell/TAPSWAP/index.html]
[ok-ex.io/otc/processingfd05.html]
[ok-ex.io/trade/margin/TON_USDT.html]
[ok-ex.io/buy-and-sell/TON/index.html]
[ok-ex.io/otc/processingcab0.html]
[ok-ex.io/trade/margin/NOT_USDT.html]
[ok-ex.io/buy-and-sell/NOT/index.html]
[ok-ex.io/otc/processing2695.html]
[ok-ex.io/trade/USDT_IRT.html]
[ok-ex.io/buy-and-sell/USDT/index.html]
[ok-ex.io/otc/processingd99d.html]
[ok-ex.io/buy-and-sell/DAI/index.html]
[ok-ex.io/otc/processing6798.html]
[ok-ex.io/buy-and-sell/BUSD/index.html]
[ok-ex.io/buy-and-sell/HAMSTER/index.html]
[ok-ex.io/otc/processingaeb2.html]
[ok-ex.io/otc/processing191c.html]
[ok-ex.io/buy-and-sell/BLUM/index.html]
[ok-ex.io/otc/processing0e9b.html]
[ok-ex.io/trade/ETH_USDT.html]
[ok-ex.io/trade/margin/ETH_USDT.html]
[ok-ex.io/buy-and-sell/ETH/index.html]
[ok-ex.io/register/index.html]
[ok-ex.io/otc/processinga5f5.html]
[ok-ex.io/trade/margin/DOGE_USDT.html]
[ok-ex.io/buy-and-sell/DOGE/index.html]
[ok-ex.io/otc/processing8597.html]
[ok-ex.io/trade/TRX_USDT.html]
[ok-ex.io/buy-and-sell/TRX/index.html]
[ok-ex.io/trade/margin/TRX_USDT.html]
[ok-ex.io/buy-and-sell/BTT/index.html]
[ok-ex.io/otc/processing7180.html]
[ok-ex.io/buy-and-sell/DOGS/index.html]
[ok-ex.io/airdrop.html]
[ok-ex.io/otc/processing9a1c.html]
[ok-ex.io/trade/XRP_USDT.html]
[ok-ex.io/trade/margin/XRP_USDT.html]
[ok-ex.io/buy-and-sell/XRP/index.html]
[ok-ex.io/otc/processing36c6.html]
[ok-ex.io/trade/margin/BNB_USDT.html]
[ok-ex.io/buy-and-sell/BNB/index.html]
[ok-ex.io/otc/processing70a9.html]
[ok-ex.io/buy-and-sell/SHIB/index.html]
[ok-ex.io/trade/ADA_USDT.html]
[ok-ex.io/buy-and-sell/ADA/index.html]
[ok-ex.io/trade/margin/ADA_USDT.html]
[ok-ex.io/buy-and-sell/DOT/index.html]
[ok-ex.io/otc/processing37de.html]
[ok-ex.io/buy-and-sell/SOL/index.html]
[ok-ex.io/trade/SOL_USDT.html]
[ok-ex.io/buy-and-sell/TRUMP/index.html]
[ok-ex.io/buy-and-sell/MOODENG/index.html]
[ok-ex.io/buy-and-sell/PEPE/index.html]
[ok-ex.io/otc/processingea22.html]
[ok-ex.io/buy-and-sell/PEPE2/index.html]
[ok-ex.io/otc/processing61d7.html]
[ok-ex.io/trade/S_USDT.html]
[ok-ex.io/buy-and-sell/S/index.html]
[ok-ex.io/trade/margin/S_USDT.html]
[ok-ex.io/otc/processing11e2.html]
[ok-ex.io/trade/AVAX_USDT.html]
[ok-ex.io/buy-and-sell/AVAX/index.html]
[ok-ex.io/trade/margin/AVAX_USDT.html]
[ok-ex.io/otc/processing5fbf.html]
[ok-ex.io/trade/LTC_USDT.html]
[ok-ex.io/buy-and-sell/LTC/index.html]
[ok-ex.io/trade/margin/LTC_USDT.html]
[ok-ex.io/buy-and-sell/BABYDOGE/index.html]
[ok-ex.io/otc/processingd142.html]
[ok-ex.io/buy-and-sell/FLOKI/index.html]
[ok-ex.io/otc/processing4fc7.html]
[ok-ex.io/buy-and-sell/BONK/index.html]
[ok-ex.io/otc/processing1f76.html]
[ok-ex.io/otc/processing166e.html]
[ok-ex.io/buy-and-sell/WIF/index.html]
[ok-ex.io/trade/margin/WIF_USDT.html]
[ok-ex.io/buy-and-sell/DUKO/index.html]
[ok-ex.io/buy-and-sell/POPCAT/index.html]
[ok-ex.io/otc/processing8828.html]
[ok-ex.io/buy-and-sell/MAJOR/index.html]
[ok-ex.io/otc/processing5bb7.html]
[ok-ex.io/buy-and-sell/XAUT/index.html]
[ok-ex.io/otc/processingbab1.html]
[ok-ex.io/otc/processingbfdf.html]
[ok-ex.io/buy-and-sell/PNUT/index.html]
[ok-ex.io/trade/margin/PNUT_USDT.html]
[ok-ex.io/buy-and-sell/SUI/index.html]
[ok-ex.io/otc/processinge359.html]
[ok-ex.io/buy-and-sell/PX/index.html]
[ok-ex.io/buy-and-sell/PAWS/index.html]
[ok-ex.io/otc/processing9c64.html]
[ok-ex.io/buy-and-sell/RBTC/index.html]
[ok-ex.io/buy-and-sell/PI/index.html]
[ok-ex.io/assets/svg/empty.svg]
[ok-ex.io/otc/processinge589.html]
[ok-ex.io/assets/svg/next.svg]
[ok-ex.io/assets/svg/prev.svg]
[ok-ex.io/buy-and-sell/index.html]
[ok-ex.io/support/contact.html]
[ok-ex.io/support/about-us.html]
[ok-ex.io/earn-money.html]
[ok-ex.io/buy-and-sell/USDC/index.html]
[ok-ex.io/support/about-us/index.html]
[ok-ex.io/earn-money/index.html]
[ok-ex.io/info/branding.html]
[ok-ex.io/_nuxt/100.4cb5aeda704c6d65b793.js]
[ok-ex.io/_nuxt/39.1e384b77ad2bad5c6e34.js]
[ok-ex.io/register.html]
[ok-ex.io/download.html]
[ok-ex.io/_nuxt/417.faa5b375f2d46192cc41.js]
[ok-ex.io/_nuxt/80.4b0acfee27c800823c92.js]
[ok-ex.io/download/index.html]
[ok-ex.io/login.html]
[ok-ex.io/info/fees.html]
[ok-ex.io/password/reset.html]
[ok-ex.io/info/terms.html]
[ok-ex.io/sweper.min.css]
[ok-ex.io/setting/index.html]
[ok-ex.io/wallet/index.html]
[ok-ex.io/support/tickets/index.html]
[ok-ex.io/assets/svg/thunder.svg]
[ok-ex.io/info/fees/index.html]
[ok-ex.io/info/terms/index.html]
[ok-ex.io/buy-and-sell/NOM/index.html]
[ok-ex.io/otc/processing7005.html]
[ok-ex.io/buy-and-sell/DOSE/index.html]
[ok-ex.io/otc/processingf3c2.html]
[ok-ex.io/buy-and-sell/VIC/index.html]
[ok-ex.io/otc/processing5203.html]
[ok-ex.io/buy-and-sell/A/index.html]
[ok-ex.io/otc/processing3c9a.html]
[ok-ex.io/buy-and-sell/RESOLV/index.html]
[ok-ex.io/otc/processingf03b.html]
[ok-ex.io/buy-and-sell/HOME/index.html]
[ok-ex.io/otc/processingd997.html]
[ok-ex.io/buy-and-sell/BCH/index.html]
[ok-ex.io/trade/BCH_USDT.html]
[ok-ex.io/_nuxt/97.1e8314ce787487c6fc85.js]
[ok-ex.io/redeem.html]
[ok-ex.io/support/faq.html]
[ok-ex.io/learning.html]
[ok-ex.io/assets/svg/new-badge.svg]
[ok-ex.io/buy-and-sell/MATIC/index.html]
[ok-ex.io/learning/index.html]
[ok-ex.io/licenses.html]
[ok-ex.io/bug-bounty.html]
[ok-ex.io/cdn-cgi/l/email-protection.html]
[ok-ex.io/_nuxt/img/okeximgholder.39ecae5.svg]
[ok-ex.io/_nuxt/img/logoMargin.e3dec02.svg]
[ok-ex.io/_nuxt/img/footer-bg.58445d7.svg]
[ok-ex.io/halving.html]
[ok-ex.io/otc/processing080f.html]
[ok-ex.io/support/faq/index.html]
[ok-ex.io/licenses/index.html]
[ok-ex.io/halving/index.html]
[ok-ex.io/bug-bounty/index.html]
[ok-ex.io/buy-and-sell/TAPSWAP/index.html]
[ok-ex.io/buy-and-sell/${coin.symbol}/index.html]
[ok-ex.io/otc/processing0668.html]
[ok-ex.io/otc/processingfd05.html]
[ok-ex.io/trade/margin/TON_USDT.html]
[ok-ex.io/otc/processingcab0.html]
[ok-ex.io/trade/margin/NOT_USDT.html]
[ok-ex.io/otc/processing2695.html]
[ok-ex.io/trade/USDT_IRT.html]
[ok-ex.io/otc/processingd99d.html]
[ok-ex.io/buy-and-sell/BUSD/index.html]
[ok-ex.io/otc/processing9733.html]
[ok-ex.io/otc/processingaacc.html]
[ok-ex.io/buy-and-sell/DAI/index.html]
[ok-ex.io/otc/processing6798.html]
[ok-ex.io/buy-and-sell/HMSTR/index.html]
[ok-ex.io/otc/processingaeb2.html]
[ok-ex.io/otc/processing191c.html]
[ok-ex.io/otc/processing0e9b.html]
[ok-ex.io/trade/ETH_USDT.html]
[ok-ex.io/trade/margin/ETH_USDT.html]
[ok-ex.io/register/index.html]
[ok-ex.io/otc/processinga5f5.html]
[ok-ex.io/trade/margin/DOGE_USDT.html]
[ok-ex.io/otc/processing8597.html]
[ok-ex.io/trade/TRX_USDT.html]
[ok-ex.io/trade/margin/TRX_USDT.html]
[ok-ex.io/buy-and-sell/BTT/index.html]
[ok-ex.io/otc/processinge48f.html]
[ok-ex.io/otc/processing7180.html]
[ok-ex.io/assets/not/profile.svg]
[ok-ex.io/airdrop/index.html]
[ok-ex.io/setting/account/list.html]
[ok-ex.io/assets/not/Notcoin.svg]
[ok-ex.io/campaign/catizenog.jpg]
[ok-ex.io/airdrop.html]
[ok-ex.io/otc/processing9a1c.html]
[ok-ex.io/trade/XRP_USDT.html]
[ok-ex.io/trade/margin/XRP_USDT.html]
[ok-ex.io/otc/processing36c6.html]
[ok-ex.io/trade/margin/BNB_USDT.html]
[ok-ex.io/otc/processing70a9.html]
[ok-ex.io/trade/ADA_USDT.html]
[ok-ex.io/trade/margin/ADA_USDT.html]
[ok-ex.io/otc/processing37de.html]
[ok-ex.io/trade/SOL_USDT.html]
[ok-ex.io/otc/processingaff0.html]
[ok-ex.io/otc/processingbd14.html]
[ok-ex.io/trade/margin/SOL_USDT.html]
[ok-ex.io/trade/DOT_USDT.html]
[ok-ex.io/buy-and-sell/TRUMP/index.html]
[ok-ex.io/otc/processing5f25.html]
[ok-ex.io/buy-and-sell/MOODENG/index.html]
[ok-ex.io/otc/processinga606.html]
[ok-ex.io/otc/processingea22.html]
[ok-ex.io/buy-and-sell/PEPE2/index.html]
[ok-ex.io/otc/processingac64.html]
[ok-ex.io/otc/processing61d7.html]
[ok-ex.io/trade/S_USDT.html]
[ok-ex.io/trade/margin/S_USDT.html]
[ok-ex.io/otc/processing11e2.html]
[ok-ex.io/trade/AVAX_USDT.html]
[ok-ex.io/trade/margin/AVAX_USDT.html]
[ok-ex.io/otc/processing5fbf.html]
[ok-ex.io/trade/LTC_USDT.html]
[ok-ex.io/trade/margin/LTC_USDT.html]
[ok-ex.io/otc/processingd142.html]
[ok-ex.io/otc/processing4fc7.html]
[ok-ex.io/otc/processing1f76.html]
[ok-ex.io/otc/processing166e.html]
[ok-ex.io/trade/margin/WIF_USDT.html]
[ok-ex.io/buy-and-sell/POPCAT/index.html]
[ok-ex.io/otc/processing32e2.html]
[ok-ex.io/otc/processing8828.html]
[ok-ex.io/otc/processing5bb7.html]
[ok-ex.io/otc/processingbab1.html]
[ok-ex.io/otc/processingbfdf.html]
[ok-ex.io/trade/margin/PNUT_USDT.html]
[ok-ex.io/otc/processinge359.html]
[ok-ex.io/otc/processing44fc.html]
[ok-ex.io/buy-and-sell/RBTC/index.html]
[ok-ex.io/otc/processing1a79.html]
[ok-ex.io/otc/processing9c64.html]
[ok-ex.io/otc/processinge589.html]
[ok-ex.io/buy-and-sell/${coin.asset}/index.html]
[ok-ex.io/assets/svg/empty.svg]
[ok-ex.io/buy-and-sell/USDC/index.html]
[ok-ex.io/assets/svg/next.svg]
[ok-ex.io/assets/svg/prev.svg]
[ok-ex.io/support/about-us/index.html]
[ok-ex.io/earn-money/index.html]
[ok-ex.io/asset/brand-book/logo/svg/logo-horizontal-gradient.svg]
[ok-ex.io/info/branding/index.html]
[ok-ex.io/info/لوگوی رنگی افقی.svg]
[ok-ex.io/asset/brand-book/logo/png/logo-horizontal-gradient.png]
[ok-ex.io/info/لوگوی رنگی افقی.png]
[ok-ex.io/asset/brand-book/logo/svg/logo-horizontal.svg]
[ok-ex.io/info/لوگوی رنگی افقی دارک.svg]
[ok-ex.io/asset/brand-book/logo/png/logo-horizontal.png]
[ok-ex.io/info/لوگوی رنگی افقی دارک.png]
[ok-ex.io/asset/brand-book/logo/svg/logo-horizontal-dark.svg]
[ok-ex.io/info/لوگوی تک‌رنگ افقی تیره.svg]
[ok-ex.io/asset/brand-book/logo/png/logo-horizontal-dark.png]
[ok-ex.io/info/لوگوی تک‌رنگ افقی تیره.png]
[ok-ex.io/asset/brand-book/logo/svg/logo-horizontal-light.svg]
[ok-ex.io/info/لوگوی تک‌رنگ افقی روشن.svg]
[ok-ex.io/asset/brand-book/logo/png/logo-horizontal-light.png]
[ok-ex.io/info/لوگوی تک‌رنگ افقی روشن.png]
[ok-ex.io/asset/brand-book/logo/svg/logo-vertical-gradient.svg]
[ok-ex.io/info/لوگوی رنگی عمودی.svg]
[ok-ex.io/asset/brand-book/logo/png/logo-vertical-gradient.png]
[ok-ex.io/info/لوگوی رنگی عمودی.png]
[ok-ex.io/asset/brand-book/logo/svg/logo-vertical.svg]
[ok-ex.io/info/لوگوی رنگی عمودی دارک.svg]
[ok-ex.io/asset/brand-book/logo/png/logo-vertical.png]
[ok-ex.io/info/لوگوی رنگی عمودی دارک.png]
[ok-ex.io/asset/brand-book/logo/svg/logo-vertical-dark.svg]
[ok-ex.io/info/لوگوی تک‌رنگ عمودی تیره.svg]
[ok-ex.io/asset/brand-book/logo/png/logo-vertical-dark.png]
[ok-ex.io/info/لوگوی تک‌رنگ عمودی تیره.png]
[ok-ex.io/asset/brand-book/logo/svg/logo-vertical-light.svg]
[ok-ex.io/info/لوگوی تک‌رنگ عمودی روشن.svg]
[ok-ex.io/asset/brand-book/logo/png/logo-vertical-light.png]
[ok-ex.io/info/لوگوی تک‌رنگ عمودی روشن.png]
[ok-ex.io/asset/brand-book/logo/svg/logo-gradient.svg]
[ok-ex.io/info/مارک اوکی اکسچنج رنگی.svg]
[ok-ex.io/asset/brand-book/logo/png/logo-gradient.png]
[ok-ex.io/info/مارک اوکی اکسچنج رنگی.png]
[ok-ex.io/asset/brand-book/logo/svg/logo.svg]
[ok-ex.io/info/مارک اوکی اکسچنج دارک.svg]
[ok-ex.io/asset/brand-book/logo/png/logo.png]
[ok-ex.io/info/مارک اوکی اکسچنج دارک.png]
[ok-ex.io/asset/brand-book/logo/svg/logo-dark.svg]
[ok-ex.io/info/مارک اوکی اکسچنج تیره.svg]
[ok-ex.io/asset/brand-book/logo/png/logo-dark.png]
[ok-ex.io/info/مارک اوکی اکسچنج تیره.png]
[ok-ex.io/asset/brand-book/logo/svg/logo-light.svg]
[ok-ex.io/info/مارک اوکی اکسچنج روشن.svg]
[ok-ex.io/asset/brand-book/logo/png/logo-light.png]
[ok-ex.io/info/مارک اوکی اکسچنج روشن.png]
[ok-ex.io/asset/brand-book/banner/1/400x200.png]
[ok-ex.io/info/بنر مستطیلی ۴۰۰x۲۰۰.png]
[ok-ex.io/asset/brand-book/banner/1/900x318.png]
[ok-ex.io/info/بنر مستطیلی ۹۰۰x۳۱۸.png]
[ok-ex.io/asset/brand-book/banner/1/946x147.png]
[ok-ex.io/info/بنر افقی ۹۴۶x۱۴۷.png]
[ok-ex.io/asset/brand-book/banner/1/200x600.png]
[ok-ex.io/info/بنر عمودی ۲۰۰x۶۰۰.png]
[ok-ex.io/asset/brand-book/banner/2/400x200.png]
[ok-ex.io/asset/brand-book/banner/2/900x318.png]
[ok-ex.io/asset/brand-book/banner/2/946x147.png]
[ok-ex.io/asset/brand-book/banner/2/200x600.png]
[ok-ex.io/asset/brand-book/banner/3/400x200.png]
[ok-ex.io/asset/brand-book/banner/3/900x318.png]
[ok-ex.io/asset/brand-book/banner/3/946x147.png]
[ok-ex.io/asset/brand-book/banner/3/200x600.png]
[ok-ex.io/info/branding.html]
[ok-ex.io/download/index.html]
[ok-ex.io/password/reset.html]
[ok-ex.io/info/fees/index.html]
[ok-ex.io/info/terms/index.html]
[ok-ex.io/_nuxt/94.9e7a6cbc293e3285559c.js]
[ok-ex.io/otc/processing7005.html]
[ok-ex.io/otc/processingf3c2.html]
[ok-ex.io/otc/processing5203.html]
[ok-ex.io/otc/processing3c9a.html]
[ok-ex.io/otc/processingf03b.html]
[ok-ex.io/otc/processingd997.html]
[ok-ex.io/trade/BCH_USDT.html]
[ok-ex.io/support/faq/index.html]
[ok-ex.io/otc/processing080f.html]
[ok-ex.io/licenses/index.html]
[ok-ex.io/bug-bounty/index.html]
[ok-ex.io/halving/index.html]
[ok-ex.io/otc/processing0668.html]
[ok-ex.io/otc/processing9733.html]
[ok-ex.io/otc/processingaacc.html]
[ok-ex.io/buy-and-sell/HMSTR/index.html]
[ok-ex.io/otc/processinge48f.html]
[ok-ex.io/airdrop/index.html]
[ok-ex.io/assets/not/profile.svg]
[ok-ex.io/setting/account/list.html]
[ok-ex.io/assets/not/Notcoin.svg]
[ok-ex.io/campaign/catizenog.html]
[ok-ex.io/otc/processingaff0.html]
[ok-ex.io/trade/DOT_USDT.html]
[ok-ex.io/otc/processingbd14.html]
[ok-ex.io/trade/margin/SOL_USDT.html]
[ok-ex.io/otc/processing5f25.html]
[ok-ex.io/otc/processinga606.html]
[ok-ex.io/otc/processingac64.html]
[ok-ex.io/otc/processing32e2.html]
[ok-ex.io/otc/processing44fc.html]
[ok-ex.io/otc/processing1a79.html]
[ok-ex.io/info/branding/لوگوی رنگی افقی.svg]
[ok-ex.io/info/branding/لوگوی رنگی افقی.png]
[ok-ex.io/info/branding/لوگوی رنگی افقی دارک.svg]
[ok-ex.io/info/branding/لوگوی رنگی افقی دارک.png]
[ok-ex.io/info/branding/لوگوی تک‌رنگ افقی تیره.svg]
[ok-ex.io/info/branding/لوگوی تک‌رنگ افقی تیره.png]
[ok-ex.io/info/branding/لوگوی تک‌رنگ افقی روشن.svg]
[ok-ex.io/info/branding/لوگوی تک‌رنگ افقی روشن.png]
[ok-ex.io/info/branding/لوگوی رنگی عمودی.svg]
[ok-ex.io/info/branding/لوگوی رنگی عمودی.png]
[ok-ex.io/info/branding/لوگوی رنگی عمودی دارک.svg]
[ok-ex.io/info/branding/لوگوی رنگی عمودی دارک.png]
[ok-ex.io/info/branding/لوگوی تک‌رنگ عمودی تیره.svg]
[ok-ex.io/info/branding/لوگوی تک‌رنگ عمودی تیره.png]
[ok-ex.io/info/branding/لوگوی تک‌رنگ عمودی روشن.svg]
[ok-ex.io/info/branding/لوگوی تک‌رنگ عمودی روشن.png]
[ok-ex.io/info/branding/مارک اوکی اکسچنج رنگی.svg]
[ok-ex.io/info/branding/مارک اوکی اکسچنج رنگی.png]
[ok-ex.io/info/branding/مارک اوکی اکسچنج دارک.svg]
[ok-ex.io/info/branding/مارک اوکی اکسچنج دارک.png]
[ok-ex.io/info/branding/مارک اوکی اکسچنج تیره.svg]
[ok-ex.io/info/branding/مارک اوکی اکسچنج تیره.png]
[ok-ex.io/info/branding/مارک اوکی اکسچنج روشن.svg]
[ok-ex.io/info/branding/مارک اوکی اکسچنج روشن.png]
[ok-ex.io/info/branding/بنر مستطیلی ۴۰۰x۲۰۰.png]
[ok-ex.io/info/branding/بنر مستطیلی ۹۰۰x۳۱۸.png]
[ok-ex.io/info/branding/بنر افقی ۹۴۶x۱۴۷.png]
[ok-ex.io/info/branding/بنر عمودی ۲۰۰x۶۰۰.png]
[ok-ex.io/info/branding/index.html]
[ok-ex.io/asset/brand-book/logo/svg/logo-horizontal-gradient.html]
[ok-ex.io/info/لوگوی رنگی افقی.html]
[ok-ex.io/asset/brand-book/logo/png/logo-horizontal-gradient.html]
[ok-ex.io/info/لوگوی رنگی افقی-2.html]
[ok-ex.io/asset/brand-book/logo/svg/logo-horizontal.html]
[ok-ex.io/info/لوگوی رنگی افقی دارک.html]
[ok-ex.io/asset/brand-book/logo/png/logo-horizontal.html]
[ok-ex.io/info/لوگوی رنگی افقی دارک-2.html]
[ok-ex.io/asset/brand-book/logo/svg/logo-horizontal-dark.html]
[ok-ex.io/info/لوگوی تک‌رنگ افقی تیره.html]
[ok-ex.io/asset/brand-book/logo/png/logo-horizontal-dark.html]
[ok-ex.io/info/لوگوی تک‌رنگ افقی تیره-2.html]
[ok-ex.io/asset/brand-book/logo/svg/logo-horizontal-light.html]
[ok-ex.io/info/لوگوی تک‌رنگ افقی روشن.html]
[ok-ex.io/asset/brand-book/logo/png/logo-horizontal-light.html]
[ok-ex.io/info/لوگوی تک‌رنگ افقی روشن-2.html]
[ok-ex.io/asset/brand-book/logo/svg/logo-vertical-gradient.html]
[ok-ex.io/info/لوگوی رنگی عمودی.html]
[ok-ex.io/asset/brand-book/logo/png/logo-vertical-gradient.html]
[ok-ex.io/info/لوگوی رنگی عمودی-2.html]
[ok-ex.io/asset/brand-book/logo/svg/logo-vertical.html]
[ok-ex.io/info/لوگوی رنگی عمودی دارک.html]
[ok-ex.io/asset/brand-book/logo/png/logo-vertical.html]
[ok-ex.io/info/لوگوی رنگی عمودی دارک-2.html]
[ok-ex.io/asset/brand-book/logo/svg/logo-vertical-dark.html]
[ok-ex.io/info/لوگوی تک‌رنگ عمودی تیره.html]
[ok-ex.io/asset/brand-book/logo/png/logo-vertical-dark.html]
[ok-ex.io/info/لوگوی تک‌رنگ عمودی تیره-2.html]
[ok-ex.io/asset/brand-book/logo/svg/logo-vertical-light.html]
[ok-ex.io/info/لوگوی تک‌رنگ عمودی روشن.html]
[ok-ex.io/asset/brand-book/logo/png/logo-vertical-light.html]
[ok-ex.io/info/لوگوی تک‌رنگ عمودی روشن-2.html]
[ok-ex.io/asset/brand-book/logo/svg/logo-gradient.html]
[ok-ex.io/info/مارک اوکی اکسچنج رنگی.html]
[ok-ex.io/asset/brand-book/logo/png/logo-gradient.html]
[ok-ex.io/info/مارک اوکی اکسچنج رنگی-2.html]
[ok-ex.io/asset/brand-book/logo/svg/logo.html]
[ok-ex.io/info/مارک اوکی اکسچنج دارک.html]
[ok-ex.io/asset/brand-book/logo/png/logo.html]
[ok-ex.io/info/مارک اوکی اکسچنج دارک-2.html]
[ok-ex.io/asset/brand-book/logo/svg/logo-dark.html]
[ok-ex.io/info/مارک اوکی اکسچنج تیره.html]
[ok-ex.io/asset/brand-book/logo/png/logo-dark.html]
[ok-ex.io/info/مارک اوکی اکسچنج تیره-2.html]
[ok-ex.io/asset/brand-book/logo/svg/logo-light.html]
[ok-ex.io/info/مارک اوکی اکسچنج روشن.html]
[ok-ex.io/asset/brand-book/logo/png/logo-light.html]
[ok-ex.io/info/مارک اوکی اکسچنج روشن-2.html]
[ok-ex.io/asset/brand-book/banner/1/400x200.html]
[ok-ex.io/info/بنر مستطیلی ۴۰۰x۲۰۰.html]
[ok-ex.io/asset/brand-book/banner/1/900x318.html]
[ok-ex.io/info/بنر مستطیلی ۹۰۰x۳۱۸.html]
[ok-ex.io/asset/brand-book/banner/1/946x147.html]
[ok-ex.io/info/بنر افقی ۹۴۶x۱۴۷.html]
[ok-ex.io/asset/brand-book/banner/1/200x600.html]
[ok-ex.io/info/بنر عمودی ۲۰۰x۶۰۰.html]
[ok-ex.io/asset/brand-book/banner/2/400x200.html]
[ok-ex.io/asset/brand-book/banner/2/900x318.html]
[ok-ex.io/asset/brand-book/banner/2/946x147.html]
[ok-ex.io/asset/brand-book/banner/2/200x600.html]
[ok-ex.io/asset/brand-book/banner/3/400x200.html]
[ok-ex.io/asset/brand-book/banner/3/900x318.html]
[ok-ex.io/asset/brand-book/banner/3/946x147.html]
[ok-ex.io/asset/brand-book/banner/3/200x600.html]
[ok-ex.io/info/branding/لوگوی رنگی افقی.html]
[ok-ex.io/info/branding/لوگوی رنگی افقی-2.html]
[ok-ex.io/info/branding/لوگوی رنگی افقی دارک.html]
[ok-ex.io/info/branding/لوگوی رنگی افقی دارک-2.html]
[ok-ex.io/info/branding/لوگوی تک‌رنگ افقی تیره.html]
[ok-ex.io/info/branding/لوگوی تک‌رنگ افقی تیره-2.html]
[ok-ex.io/info/branding/لوگوی تک‌رنگ افقی روشن.html]
[ok-ex.io/info/branding/لوگوی تک‌رنگ افقی روشن-2.html]
[ok-ex.io/info/branding/لوگوی رنگی عمودی.html]
[ok-ex.io/info/branding/لوگوی رنگی عمودی-2.html]
[ok-ex.io/info/branding/لوگوی رنگی عمودی دارک.html]
[ok-ex.io/info/branding/لوگوی رنگی عمودی دارک-2.html]
[ok-ex.io/info/branding/لوگوی تک‌رنگ عمودی تیره.html]
[ok-ex.io/info/branding/لوگوی تک‌رنگ عمودی تیره-2.html]
[ok-ex.io/info/branding/لوگوی تک‌رنگ عمودی روشن.html]
[ok-ex.io/info/branding/لوگوی تک‌رنگ عمودی روشن-2.html]
[ok-ex.io/info/branding/مارک اوکی اکسچنج رنگی.html]
[ok-ex.io/info/branding/مارک اوکی اکسچنج رنگی-2.html]
[ok-ex.io/info/branding/مارک اوکی اکسچنج دارک.html]
[ok-ex.io/info/branding/مارک اوکی اکسچنج دارک-2.html]
[ok-ex.io/info/branding/مارک اوکی اکسچنج تیره.html]
[ok-ex.io/info/branding/مارک اوکی اکسچنج تیره-2.html]
[ok-ex.io/info/branding/مارک اوکی اکسچنج روشن.html]
[ok-ex.io/info/branding/مارک اوکی اکسچنج روشن-2.html]
[ok-ex.io/info/branding/بنر مستطیلی ۴۰۰x۲۰۰.html]
[ok-ex.io/info/branding/بنر مستطیلی ۹۰۰x۳۱۸.html]
[ok-ex.io/info/branding/بنر افقی ۹۴۶x۱۴۷.html]
[ok-ex.io/info/branding/بنر عمودی ۲۰۰x۶۰۰.html]
[ok-ex.io/otc/processing1e41.html]
